NAME,TYPE,UNITS,OUTPUT,CASE,ORDER,CONDITION,EXPRESSION,FROM_WRESL_FILE
coefev_Orovl,undefined,undefined,Y,default,1,always,(A_Orovl_forward-A_Orovl_back)/(100*max(0.01; S_Orovl(-1))),src\test\TestConvertWresl_svarExpression.wresl
min_test,undefined,undefined,Y,default,1,always,99,src\test\TestConvertWreslToTable_processModelOneLevel_case1.wresl
