NAME,TYPE,UNITS,OUTPUT,EXPRESSION,FROM_WRESL_FILE
