NAME,TYPE,UNITS,CONVERT_TO,OUTPUT,CASE,ORDER,CONDITION,EXPRESSION,FROM_WRESL_FILE
coefev_Orovl,undefined,undefined,undefined,Y,default,1,always,(A_Orovl_forward-A_Orovl_back)/(100*max(0.01; S_Orovl(-1))),D:\cvwrsm\wrims_v2\convert\src\test\TestConvertWresl_svarExpression.wresl
min_test,undefined,undefined,undefined,Y,default,1,always,min(max(a; b); 2.5),D:\cvwrsm\wrims_v2\convert\src\test\TestConvertWresl_svarExpression.wresl
