NAME,LHS,CASE,ORDER,CONDITION,EXPRESSION/RHS,LHS>RHS,LHS<RHS,FROM_WRESL_FILE
