define QsacFth {alias C_SacFea+D_SacFea  kind 'flow-channel' units 'cfs'}
