NAME,KIND,UNIT
evap_1,EVAPORATION-RATE,IN
evap_2,EVAPORATION-RATE,IN
