NAME,TYPE,UNITS,LOWER_BOUND,UPPER_BOUND,FROM_WRESL_FILE
