NAME,DSS_B_PART,TYPE,UNITS,CONVERT_TO,OUTPUT,CASE,ORDER,CONDITION,EXPRESSION,FROM_WRESL_FILE
coefev_Orovl,.,.,.,.,Y,default,1,always,(A_Orovl_forward-A_Orovl_back)/(100*max(0.01; S_Orovl(-1))),d:\cvwrsm\wrims_v2\convert\src\test\testconvertwresl_svarexpression.wresl
min_test,.,.,.,.,Y,default,1,always,min(max(a; b); 2.5),d:\cvwrsm\wrims_v2\convert\src\test\testconvertwresl_svarexpression.wresl
